PH multidimentionalarray NULL "C:/Users/TOSHIBA/Desktop/Final Code/Decryption/decryption/decrypt.vhd" sub00/vhpl00 1576075068
AR decrypt behavioral "C:/Users/TOSHIBA/Desktop/Final Code/Decryption/decryption/decrypt.vhd" sub00/vhpl02 1576075070
EN decrypt NULL "C:/Users/TOSHIBA/Desktop/Final Code/Decryption/decryption/decrypt.vhd" sub00/vhpl01 1576075069
