PH multidimentionalarray NULL "C:/Users/TOSHIBA/Desktop/Final Code/Encryption/encryption/encrypt.vhd" sub00/vhpl00 1576075296
AR encrypt behavioral "C:/Users/TOSHIBA/Desktop/Final Code/Encryption/encryption/encrypt.vhd" sub00/vhpl02 1576075298
EN encrypt NULL "C:/Users/TOSHIBA/Desktop/Final Code/Encryption/encryption/encrypt.vhd" sub00/vhpl01 1576075297
